../../Drivers/STM32WLxx_HAL_Driver/Inc/stm32wlxx_ll_bus.h:1861:22:LL_C2_AHB3_GRP1_EnableClock	24	static
../../Drivers/STM32WLxx_HAL_Driver/Inc/stm32wlxx_ll_bus.h:2014:22:LL_C2_APB1_GRP1_EnableClock	24	static
../../Drivers/STM32WLxx_HAL_Driver/Inc/stm32wlxx_ll_bus.h:2108:22:LL_C2_APB1_GRP1_DisableClock	16	static
../Core/Src/stm32wlxx_hal_msp.c:63:6:HAL_MspInit	8	static
../Core/Src/stm32wlxx_hal_msp.c:90:6:HAL_UART_MspInit	80	static
../Core/Src/stm32wlxx_hal_msp.c:124:6:HAL_UART_MspDeInit	16	static
