../../Drivers/STM32WLxx_HAL_Driver/Inc/stm32wlxx_ll_bus.h:346:22:LL_AHB1_GRP1_ForceReset	16	static
../../Drivers/STM32WLxx_HAL_Driver/Inc/stm32wlxx_ll_bus.h:365:22:LL_AHB1_GRP1_ReleaseReset	16	static
../../Drivers/STM32WLxx_HAL_Driver/Inc/stm32wlxx_ll_bus.h:508:22:LL_AHB2_GRP1_ForceReset	16	static
../../Drivers/STM32WLxx_HAL_Driver/Inc/stm32wlxx_ll_bus.h:527:22:LL_AHB2_GRP1_ReleaseReset	16	static
../../Drivers/STM32WLxx_HAL_Driver/Inc/stm32wlxx_ll_bus.h:763:22:LL_AHB3_GRP1_ForceReset	16	static
../../Drivers/STM32WLxx_HAL_Driver/Inc/stm32wlxx_ll_bus.h:806:22:LL_AHB3_GRP1_ReleaseReset	16	static
../../Drivers/STM32WLxx_HAL_Driver/Inc/stm32wlxx_ll_bus.h:1062:22:LL_APB1_GRP1_ForceReset	16	static
../../Drivers/STM32WLxx_HAL_Driver/Inc/stm32wlxx_ll_bus.h:1079:22:LL_APB1_GRP2_ForceReset	16	static
../../Drivers/STM32WLxx_HAL_Driver/Inc/stm32wlxx_ll_bus.h:1107:22:LL_APB1_GRP1_ReleaseReset	16	static
../../Drivers/STM32WLxx_HAL_Driver/Inc/stm32wlxx_ll_bus.h:1124:22:LL_APB1_GRP2_ReleaseReset	16	static
../../Drivers/STM32WLxx_HAL_Driver/Inc/stm32wlxx_ll_bus.h:1374:22:LL_APB2_GRP1_ForceReset	16	static
../../Drivers/STM32WLxx_HAL_Driver/Inc/stm32wlxx_ll_bus.h:1397:22:LL_APB2_GRP1_ReleaseReset	16	static
../../Drivers/STM32WLxx_HAL_Driver/Inc/stm32wlxx_ll_bus.h:1529:22:LL_APB3_GRP1_ForceReset	16	static
../../Drivers/STM32WLxx_HAL_Driver/Inc/stm32wlxx_ll_bus.h:1541:22:LL_APB3_GRP1_ReleaseReset	16	static
../../Drivers/STM32WLxx_HAL_Driver/Inc/stm32wlxx_ll_system.h:460:22:LL_SYSCFG_EnableAnalogBooster	8	static
../../Drivers/STM32WLxx_HAL_Driver/Inc/stm32wlxx_ll_system.h:479:22:LL_SYSCFG_DisableAnalogBooster	8	static
../../Drivers/STM32WLxx_HAL_Driver/Inc/stm32wlxx_ll_system.h:604:22:LL_SYSCFG_EnableSRAM2Erase	8	static
../../Drivers/STM32WLxx_HAL_Driver/Inc/stm32wlxx_ll_system.h:747:22:LL_SYSCFG_UnlockSRAM2WRP	8	static
../../Drivers/STM32WLxx_HAL_Driver/Inc/stm32wlxx_ll_system.h:919:22:LL_C2_SYSCFG_GRP1_EnableIT	16	static
../../Drivers/STM32WLxx_HAL_Driver/Inc/stm32wlxx_ll_system.h:951:22:LL_C2_SYSCFG_GRP2_EnableIT	16	static
../../Drivers/STM32WLxx_HAL_Driver/Inc/stm32wlxx_ll_system.h:999:22:LL_C2_SYSCFG_GRP1_DisableIT	16	static
../../Drivers/STM32WLxx_HAL_Driver/Inc/stm32wlxx_ll_system.h:1031:22:LL_C2_SYSCFG_GRP2_DisableIT	16	static
../../Drivers/STM32WLxx_HAL_Driver/Inc/stm32wlxx_ll_system.h:1450:22:LL_VREFBUF_Enable	8	static
../../Drivers/STM32WLxx_HAL_Driver/Inc/stm32wlxx_ll_system.h:1460:22:LL_VREFBUF_Disable	8	static
../../Drivers/STM32WLxx_HAL_Driver/Inc/stm32wlxx_ll_system.h:1493:22:LL_VREFBUF_SetVoltageScaling	16	static
../../Drivers/STM32WLxx_HAL_Driver/Inc/stm32wlxx_ll_system.h:1559:22:LL_VREFBUF_SetTrimming	16	static
C:/Users/ALEYNA/STM32CubeIDE/hsem_organizasyon/hsem_dualcore/Drivers/STM32WLxx_HAL_Driver/Src/stm32wlxx_hal.c:152:19:HAL_Init	16	static
C:/Users/ALEYNA/STM32CubeIDE/hsem_organizasyon/hsem_dualcore/Drivers/STM32WLxx_HAL_Driver/Src/stm32wlxx_hal.c:208:19:HAL_DeInit	8	static
C:/Users/ALEYNA/STM32CubeIDE/hsem_organizasyon/hsem_dualcore/Drivers/STM32WLxx_HAL_Driver/Src/stm32wlxx_hal.c:240:13:HAL_MspInit	8	static
C:/Users/ALEYNA/STM32CubeIDE/hsem_organizasyon/hsem_dualcore/Drivers/STM32WLxx_HAL_Driver/Src/stm32wlxx_hal.c:251:13:HAL_MspDeInit	8	static
C:/Users/ALEYNA/STM32CubeIDE/hsem_organizasyon/hsem_dualcore/Drivers/STM32WLxx_HAL_Driver/Src/stm32wlxx_hal.c:274:26:HAL_InitTick	32	static
C:/Users/ALEYNA/STM32CubeIDE/hsem_organizasyon/hsem_dualcore/Drivers/STM32WLxx_HAL_Driver/Src/stm32wlxx_hal.c:347:13:HAL_IncTick	8	static
C:/Users/ALEYNA/STM32CubeIDE/hsem_organizasyon/hsem_dualcore/Drivers/STM32WLxx_HAL_Driver/Src/stm32wlxx_hal.c:358:17:HAL_GetTick	8	static
C:/Users/ALEYNA/STM32CubeIDE/hsem_organizasyon/hsem_dualcore/Drivers/STM32WLxx_HAL_Driver/Src/stm32wlxx_hal.c:367:10:HAL_GetTickPrio	8	static
C:/Users/ALEYNA/STM32CubeIDE/hsem_organizasyon/hsem_dualcore/Drivers/STM32WLxx_HAL_Driver/Src/stm32wlxx_hal.c:376:19:HAL_SetTickFreq	40	static
C:/Users/ALEYNA/STM32CubeIDE/hsem_organizasyon/hsem_dualcore/Drivers/STM32WLxx_HAL_Driver/Src/stm32wlxx_hal.c:408:21:HAL_GetTickFreq	8	static
C:/Users/ALEYNA/STM32CubeIDE/hsem_organizasyon/hsem_dualcore/Drivers/STM32WLxx_HAL_Driver/Src/stm32wlxx_hal.c:424:13:HAL_Delay	24	static
C:/Users/ALEYNA/STM32CubeIDE/hsem_organizasyon/hsem_dualcore/Drivers/STM32WLxx_HAL_Driver/Src/stm32wlxx_hal.c:451:13:HAL_SuspendTick	8	static
C:/Users/ALEYNA/STM32CubeIDE/hsem_organizasyon/hsem_dualcore/Drivers/STM32WLxx_HAL_Driver/Src/stm32wlxx_hal.c:467:13:HAL_ResumeTick	8	static
C:/Users/ALEYNA/STM32CubeIDE/hsem_organizasyon/hsem_dualcore/Drivers/STM32WLxx_HAL_Driver/Src/stm32wlxx_hal.c:477:10:HAL_GetHalVersion	8	static
C:/Users/ALEYNA/STM32CubeIDE/hsem_organizasyon/hsem_dualcore/Drivers/STM32WLxx_HAL_Driver/Src/stm32wlxx_hal.c:507:10:HAL_GetUIDw0	8	static
C:/Users/ALEYNA/STM32CubeIDE/hsem_organizasyon/hsem_dualcore/Drivers/STM32WLxx_HAL_Driver/Src/stm32wlxx_hal.c:516:10:HAL_GetUIDw1	8	static
C:/Users/ALEYNA/STM32CubeIDE/hsem_organizasyon/hsem_dualcore/Drivers/STM32WLxx_HAL_Driver/Src/stm32wlxx_hal.c:525:10:HAL_GetUIDw2	8	static
C:/Users/ALEYNA/STM32CubeIDE/hsem_organizasyon/hsem_dualcore/Drivers/STM32WLxx_HAL_Driver/Src/stm32wlxx_hal.c:638:6:HAL_SYSCFG_SRAM2Erase	8	static
C:/Users/ALEYNA/STM32CubeIDE/hsem_organizasyon/hsem_dualcore/Drivers/STM32WLxx_HAL_Driver/Src/stm32wlxx_hal.c:658:6:HAL_SYSCFG_VREFBUF_VoltageScalingConfig	24	static
C:/Users/ALEYNA/STM32CubeIDE/hsem_organizasyon/hsem_dualcore/Drivers/STM32WLxx_HAL_Driver/Src/stm32wlxx_hal.c:689:6:HAL_SYSCFG_VREFBUF_HighImpedanceConfig	16	static
C:/Users/ALEYNA/STM32CubeIDE/hsem_organizasyon/hsem_dualcore/Drivers/STM32WLxx_HAL_Driver/Src/stm32wlxx_hal.c:710:6:HAL_SYSCFG_VREFBUF_TrimmingConfig	16	static
C:/Users/ALEYNA/STM32CubeIDE/hsem_organizasyon/hsem_dualcore/Drivers/STM32WLxx_HAL_Driver/Src/stm32wlxx_hal.c:723:19:HAL_SYSCFG_EnableVREFBUF	16	static
C:/Users/ALEYNA/STM32CubeIDE/hsem_organizasyon/hsem_dualcore/Drivers/STM32WLxx_HAL_Driver/Src/stm32wlxx_hal.c:749:6:HAL_SYSCFG_DisableVREFBUF	8	static
C:/Users/ALEYNA/STM32CubeIDE/hsem_organizasyon/hsem_dualcore/Drivers/STM32WLxx_HAL_Driver/Src/stm32wlxx_hal.c:759:6:HAL_SYSCFG_EnableIOAnalogSwitchBooster	8	static
C:/Users/ALEYNA/STM32CubeIDE/hsem_organizasyon/hsem_dualcore/Drivers/STM32WLxx_HAL_Driver/Src/stm32wlxx_hal.c:769:6:HAL_SYSCFG_DisableIOAnalogSwitchBooster	8	static
C:/Users/ALEYNA/STM32CubeIDE/hsem_organizasyon/hsem_dualcore/Drivers/STM32WLxx_HAL_Driver/Src/stm32wlxx_hal.c:783:6:HAL_SYSCFG_EnableIT	24	static
C:/Users/ALEYNA/STM32CubeIDE/hsem_organizasyon/hsem_dualcore/Drivers/STM32WLxx_HAL_Driver/Src/stm32wlxx_hal.c:809:6:HAL_SYSCFG_DisableIT	24	static
