Archive member included to satisfy reference by file (symbol)

C:/ST/STM32CubeIDE_1.17.0/STM32CubeIDE/plugins/com.st.stm32cube.ide.mcu.externaltools.gnu-tools-for-stm32.12.3.rel1.win32_1.1.0.202410251130/tools/bin/../lib/gcc/arm-none-eabi/12.3.1/../../../../arm-none-eabi/lib/thumb/v6-m/nofp\libc_nano.a(libc_a-exit.o)
                              C:/ST/STM32CubeIDE_1.17.0/STM32CubeIDE/plugins/com.st.stm32cube.ide.mcu.externaltools.gnu-tools-for-stm32.12.3.rel1.win32_1.1.0.202410251130/tools/bin/../lib/gcc/arm-none-eabi/12.3.1/../../../../arm-none-eabi/lib/thumb/v6-m/nofp/crt0.o (exit)
C:/ST/STM32CubeIDE_1.17.0/STM32CubeIDE/plugins/com.st.stm32cube.ide.mcu.externaltools.gnu-tools-for-stm32.12.3.rel1.win32_1.1.0.202410251130/tools/bin/../lib/gcc/arm-none-eabi/12.3.1/../../../../arm-none-eabi/lib/thumb/v6-m/nofp\libc_nano.a(libc_a-findfp.o)
                              C:/ST/STM32CubeIDE_1.17.0/STM32CubeIDE/plugins/com.st.stm32cube.ide.mcu.externaltools.gnu-tools-for-stm32.12.3.rel1.win32_1.1.0.202410251130/tools/bin/../lib/gcc/arm-none-eabi/12.3.1/../../../../arm-none-eabi/lib/thumb/v6-m/nofp\libc_nano.a(libc_a-exit.o) (__stdio_exit_handler)
C:/ST/STM32CubeIDE_1.17.0/STM32CubeIDE/plugins/com.st.stm32cube.ide.mcu.externaltools.gnu-tools-for-stm32.12.3.rel1.win32_1.1.0.202410251130/tools/bin/../lib/gcc/arm-none-eabi/12.3.1/../../../../arm-none-eabi/lib/thumb/v6-m/nofp\libc_nano.a(libc_a-fwalk.o)
                              C:/ST/STM32CubeIDE_1.17.0/STM32CubeIDE/plugins/com.st.stm32cube.ide.mcu.externaltools.gnu-tools-for-stm32.12.3.rel1.win32_1.1.0.202410251130/tools/bin/../lib/gcc/arm-none-eabi/12.3.1/../../../../arm-none-eabi/lib/thumb/v6-m/nofp\libc_nano.a(libc_a-findfp.o) (_fwalk_sglue)
C:/ST/STM32CubeIDE_1.17.0/STM32CubeIDE/plugins/com.st.stm32cube.ide.mcu.externaltools.gnu-tools-for-stm32.12.3.rel1.win32_1.1.0.202410251130/tools/bin/../lib/gcc/arm-none-eabi/12.3.1/../../../../arm-none-eabi/lib/thumb/v6-m/nofp\libc_nano.a(libc_a-stdio.o)
                              C:/ST/STM32CubeIDE_1.17.0/STM32CubeIDE/plugins/com.st.stm32cube.ide.mcu.externaltools.gnu-tools-for-stm32.12.3.rel1.win32_1.1.0.202410251130/tools/bin/../lib/gcc/arm-none-eabi/12.3.1/../../../../arm-none-eabi/lib/thumb/v6-m/nofp\libc_nano.a(libc_a-findfp.o) (__sread)
C:/ST/STM32CubeIDE_1.17.0/STM32CubeIDE/plugins/com.st.stm32cube.ide.mcu.externaltools.gnu-tools-for-stm32.12.3.rel1.win32_1.1.0.202410251130/tools/bin/../lib/gcc/arm-none-eabi/12.3.1/../../../../arm-none-eabi/lib/thumb/v6-m/nofp\libc_nano.a(libc_a-memset.o)
                              C:/ST/STM32CubeIDE_1.17.0/STM32CubeIDE/plugins/com.st.stm32cube.ide.mcu.externaltools.gnu-tools-for-stm32.12.3.rel1.win32_1.1.0.202410251130/tools/bin/../lib/gcc/arm-none-eabi/12.3.1/../../../../arm-none-eabi/lib/thumb/v6-m/nofp/crt0.o (memset)
C:/ST/STM32CubeIDE_1.17.0/STM32CubeIDE/plugins/com.st.stm32cube.ide.mcu.externaltools.gnu-tools-for-stm32.12.3.rel1.win32_1.1.0.202410251130/tools/bin/../lib/gcc/arm-none-eabi/12.3.1/../../../../arm-none-eabi/lib/thumb/v6-m/nofp\libc_nano.a(libc_a-closer.o)
                              C:/ST/STM32CubeIDE_1.17.0/STM32CubeIDE/plugins/com.st.stm32cube.ide.mcu.externaltools.gnu-tools-for-stm32.12.3.rel1.win32_1.1.0.202410251130/tools/bin/../lib/gcc/arm-none-eabi/12.3.1/../../../../arm-none-eabi/lib/thumb/v6-m/nofp\libc_nano.a(libc_a-stdio.o) (_close_r)
C:/ST/STM32CubeIDE_1.17.0/STM32CubeIDE/plugins/com.st.stm32cube.ide.mcu.externaltools.gnu-tools-for-stm32.12.3.rel1.win32_1.1.0.202410251130/tools/bin/../lib/gcc/arm-none-eabi/12.3.1/../../../../arm-none-eabi/lib/thumb/v6-m/nofp\libc_nano.a(libc_a-reent.o)
                              C:/ST/STM32CubeIDE_1.17.0/STM32CubeIDE/plugins/com.st.stm32cube.ide.mcu.externaltools.gnu-tools-for-stm32.12.3.rel1.win32_1.1.0.202410251130/tools/bin/../lib/gcc/arm-none-eabi/12.3.1/../../../../arm-none-eabi/lib/thumb/v6-m/nofp\libc_nano.a(libc_a-closer.o) (errno)
C:/ST/STM32CubeIDE_1.17.0/STM32CubeIDE/plugins/com.st.stm32cube.ide.mcu.externaltools.gnu-tools-for-stm32.12.3.rel1.win32_1.1.0.202410251130/tools/bin/../lib/gcc/arm-none-eabi/12.3.1/../../../../arm-none-eabi/lib/thumb/v6-m/nofp\libc_nano.a(libc_a-impure.o)
                              C:/ST/STM32CubeIDE_1.17.0/STM32CubeIDE/plugins/com.st.stm32cube.ide.mcu.externaltools.gnu-tools-for-stm32.12.3.rel1.win32_1.1.0.202410251130/tools/bin/../lib/gcc/arm-none-eabi/12.3.1/../../../../arm-none-eabi/lib/thumb/v6-m/nofp\libc_nano.a(libc_a-reent.o) (_impure_ptr)
C:/ST/STM32CubeIDE_1.17.0/STM32CubeIDE/plugins/com.st.stm32cube.ide.mcu.externaltools.gnu-tools-for-stm32.12.3.rel1.win32_1.1.0.202410251130/tools/bin/../lib/gcc/arm-none-eabi/12.3.1/../../../../arm-none-eabi/lib/thumb/v6-m/nofp\libc_nano.a(libc_a-lseekr.o)
[...]
Memory Configuration

Name             Origin             Length             Attributes
RAM              0x20008000         0x00008000         xrw
FLASH            0x08020000         0x00020000         xr
*default*        0x00000000         0xffffffff

Linker script and memory map

LOAD C:/ST/STM32CubeIDE_1.17.0/STM32CubeIDE/plugins/com.st.stm32cube.ide.mcu.externaltools.gnu-tools-for-stm32.12.3.rel1.win32_1.1.0.202410251130/tools/bin/../lib/gcc/arm-none-eabi/12.3.1/thumb/v6-m/nofp/crti.o
LOAD C:/ST/STM32CubeIDE_1.17.0/STM32CubeIDE/plugins/com.st.stm32cube.ide.mcu.externaltools.gnu-tools-for-stm32.12.3.rel1.win32_1.1.0.202410251130/tools/bin/../lib/gcc/arm-none-eabi/12.3.1/thumb/v6-m/nofp/crtbegin.o
LOAD C:/ST/STM32CubeIDE_1.17.0/STM32CubeIDE/plugins/com.st.stm32cube.ide.mcu.externaltools.gnu-tools-for-stm32.12.3.rel1.win32_1.1.0.202410251130/tools/bin/../lib/gcc/arm-none-eabi/12.3.1/../../../../arm-none-eabi/lib/thumb/v6-m/nofp/crt0.o
LOAD ./Common/System/system_stm32wlxx.o
LOAD ./Core/Src/main.o
LOAD ./Core/Src/stm32wlxx_hal_msp.o
LOAD ./Core/Src/stm32wlxx_it.o
LOAD ./Core/Src/syscalls.o
LOAD ./Core/Src/sysmem.o
LOAD ./Core/Startup/startup_stm32wl55jcix.o
LOAD ./Drivers/STM32WLxx_HAL_Driver/stm32wlxx_hal.o
LOAD ./Drivers/STM32WLxx_HAL_Driver/stm32wlxx_hal_cortex.o
LOAD ./Drivers/STM32WLxx_HAL_Driver/stm32wlxx_hal_dma.o
LOAD ./Drivers/STM32WLxx_HAL_Driver/stm32wlxx_hal_dma_ex.o
LOAD ./Drivers/STM32WLxx_HAL_Driver/stm32wlxx_hal_exti.o
LOAD ./Drivers/STM32WLxx_HAL_Driver/stm32wlxx_hal_flash.o
LOAD ./Drivers/STM32WLxx_HAL_Driver/stm32wlxx_hal_flash_ex.o
LOAD ./Drivers/STM32WLxx_HAL_Driver/stm32wlxx_hal_gpio.o
LOAD ./Drivers/STM32WLxx_HAL_Driver/stm32wlxx_hal_hsem.o
LOAD ./Drivers/STM32WLxx_HAL_Driver/stm32wlxx_hal_pwr.o
LOAD ./Drivers/STM32WLxx_HAL_Driver/stm32wlxx_hal_pwr_ex.o
LOAD ./Drivers/STM32WLxx_HAL_Driver/stm32wlxx_hal_rcc.o
LOAD ./Drivers/STM32WLxx_HAL_Driver/stm32wlxx_hal_rcc_ex.o
LOAD ./Drivers/STM32WLxx_HAL_Driver/stm32wlxx_hal_uart.o
LOAD ./Drivers/STM32WLxx_HAL_Driver/stm32wlxx_hal_uart_ex.o
START GROUP
LOAD C:/ST/STM32CubeIDE_1.17.0/STM32CubeIDE/plugins/com.st.stm32cube.ide.mcu.externaltools.gnu-tools-for-stm32.12.3.rel1.win32_1.1.0.202410251130/tools/bin/../lib/gcc/arm-none-eabi/12.3.1/../../../../arm-none-eabi/lib/thumb/v6-m/nofp\libc_nano.a
LOAD C:/ST/STM32CubeIDE_1.17.0/STM32CubeIDE/plugins/com.st.stm32cube.ide.mcu.externaltools.gnu-tools-for-stm32.12.3.rel1.win32_1.1.0.202410251130/tools/bin/../lib/gcc/arm-none-eabi/12.3.1/../../../../arm-none-eabi/lib/thumb/v6-m/nofp\libm.a
END GROUP
START GROUP
LOAD C:/ST/STM32CubeIDE_1.17.0/STM32CubeIDE/plugins/com.st.stm32cube.ide.mcu.externaltools.gnu-tools-for-stm32.12.3.rel1.win32_1.1.0.202410251130/tools/bin/../lib/gcc/arm-none-eabi/12.3.1/thumb/v6-m/nofp\libgcc.a
LOAD C:/ST/STM32CubeIDE_1.17.0/STM32CubeIDE/plugins/com.st.stm32cube.ide.mcu.externaltools.gnu-tools-for-stm32.12.3.rel1.win32_1.1.0.202410251130/tools/bin/../lib/gcc/arm-none-eabi/12.3.1/../../../../arm-none-eabi/lib/thumb/v6-m/nofp\libc_nano.a
END GROUP
START GROUP
LOAD C:/ST/STM32CubeIDE_1.17.0/STM32CubeIDE/plugins/com.st.stm32cube.ide.mcu.externaltools.gnu-tools-for-stm32.12.3.rel1.win32_1.1.0.202410251130/tools/bin/../lib/gcc/arm-none-eabi/12.3.1/thumb/v6-m/nofp\libgcc.a
LOAD C:/ST/STM32CubeIDE_1.17.0/STM32CubeIDE/plugins/com.st.stm32cube.ide.mcu.externaltools.gnu-tools-for-stm32.12.3.rel1.win32_1.1.0.202410251130/tools/bin/../lib/gcc/arm-none-eabi/12.3.1/../../../../arm-none-eabi/lib/thumb/v6-m/nofp\libc_nano.a
LOAD C:/ST/STM32CubeIDE_1.17.0/STM32CubeIDE/plugins/com.st.stm32cube.ide.mcu.externaltools.gnu-tools-for-stm32.12.3.rel1.win32_1.1.0.202410251130/tools/bin/../lib/gcc/arm-none-eabi/12.3.1/../../../../arm-none-eabi/lib/thumb/v6-m/nofp\libnosys.a
END GROUP
START GROUP
LOAD C:/ST/STM32CubeIDE_1.17.0/STM32CubeIDE/plugins/com.st.stm32cube.ide.mcu.externaltools.gnu-tools-for-stm32.12.3.rel1.win32_1.1.0.202410251130/tools/bin/../lib/gcc/arm-none-eabi/12.3.1/thumb/v6-m/nofp\libgcc.a
LOAD C:/ST/STM32CubeIDE_1.17.0/STM32CubeIDE/plugins/com.st.stm32cube.ide.mcu.externaltools.gnu-tools-for-stm32.12.3.rel1.win32_1.1.0.202410251130/tools/bin/../lib/gcc/arm-none-eabi/12.3.1/../../../../arm-none-eabi/lib/thumb/v6-m/nofp\libc_nano.a
LOAD C:/ST/STM32CubeIDE_1.17.0/STM32CubeIDE/plugins/com.st.stm32cube.ide.mcu.externaltools.gnu-tools-for-stm32.12.3.rel1.win32_1.1.0.202410251130/tools/bin/../lib/gcc/arm-none-eabi/12.3.1/../../../../arm-none-eabi/lib/thumb/v6-m/nofp\libnosys.a
END GROUP
LOAD C:/ST/STM32CubeIDE_1.17.0/STM32CubeIDE/plugins/com.st.stm32cube.ide.mcu.externaltools.gnu-tools-for-stm32.12.3.rel1.win32_1.1.0.202410251130/tools/bin/../lib/gcc/arm-none-eabi/12.3.1/thumb/v6-m/nofp/crtend.o
LOAD C:/ST/STM32CubeIDE_1.17.0/STM32CubeIDE/plugins/com.st.stm32cube.ide.mcu.externaltools.gnu-tools-for-stm32.12.3.rel1.win32_1.1.0.202410251130/tools/bin/../lib/gcc/arm-none-eabi/12.3.1/thumb/v6-m/nofp/crtn.o
                0x20010000                        _estack = (ORIGIN (RAM) + LENGTH (RAM))
                0x00000200                        _Min_Heap_Size = 0x200
                0x00000400                        _Min_Stack_Size = 0x400

.isr_vector     0x08020000       0xc0
                0x08020000                        . = ALIGN (0x4)
 *(.isr_vector)
 .isr_vector    0x08020000       0xc0 ./Core/Startup/startup_stm32wl55jcix.o
                0x08020000                g_pfnVectors
                0x080200c0                        . = ALIGN (0x4)

.text           0x080200c0      0xd68
                0x080200c0                        . = ALIGN (0x4)
 *(.text)
 .text          0x080200c0       0x48 C:/ST/STM32CubeIDE_1.17.0/STM32CubeIDE/plugins/com.st.stm32cube.ide.mcu.externaltools.gnu-tools-for-stm32.12.3.rel1.win32_1.1.0.202410251130/tools/bin/../lib/gcc/arm-none-eabi/12.3.1/thumb/v6-m/nofp/crtbegin.o
 .text          0x08020108      0x114 C:/ST/STM32CubeIDE_1.17.0/STM32CubeIDE/plugins/com.st.stm32cube.ide.mcu.externaltools.gnu-tools-for-stm32.12.3.rel1.win32_1.1.0.202410251130/tools/bin/../lib/gcc/arm-none-eabi/12.3.1/thumb/v6-m/nofp\libgcc.a(_udivsi3.o)
                0x08020108                __aeabi_uidiv
                0x08020108                __udivsi3
                0x08020214                __aeabi_uidivmod
 .text          0x0802021c        0x4 C:/ST/STM32CubeIDE_1.17.0/STM32CubeIDE/plugins/com.st.stm32cube.ide.mcu.externaltools.gnu-tools-for-stm32.12.3.rel1.win32_1.1.0.202410251130/tools/bin/../lib/gcc/arm-none-eabi/12.3.1/thumb/v6-m/nofp\libgcc.a(_dvmd_tls.o)
                0x0802021c                __aeabi_idiv0
                0x0802021c                __aeabi_ldiv0
 *(.text*)
 .text.SystemInit
                0x08020220        0xa ./Common/System/system_stm32wlxx.o
                0x08020220                SystemInit
 *fill*         0x0802022a        0x2 
 .text.main     0x0802022c       0x7c ./Core/Src/main.o
                0x0802022c                main
 .text.HAL_HSEM_FreeCallback
                0x080202a8       0x24 ./Core/Src/main.o
                0x080202a8                HAL_HSEM_FreeCallback
 .text.LL_C2_AHB3_GRP1_EnableClock
                0x080202cc       0x3a ./Core/Src/stm32wlxx_hal_msp.o
 .text.HAL_MspInit
                0x08020306       0x24 ./Core/Src/stm32wlxx_hal_msp.o
                0x08020306                HAL_MspInit
 .text.NMI_Handler
                0x0802032a        0x8 ./Core/Src/stm32wlxx_it.o
                0x0802032a                NMI_Handler
 .text.HardFault_Handler
                0x08020332        0x8 ./Core/Src/stm32wlxx_it.o
                0x08020332                HardFault_Handler
 .text.SVC_Handler
                0x0802033a        0xa ./Core/Src/stm32wlxx_it.o
                0x0802033a                SVC_Handler
 .text.PendSV_Handler
                0x08020344        0xa ./Core/Src/stm32wlxx_it.o
                0x08020344                PendSV_Handler
 .text.SysTick_Handler
                0x0802034e        0xe ./Core/Src/stm32wlxx_it.o
                0x0802034e                SysTick_Handler
 .text.HSEM_IRQHandler
                0x0802035c        0xe ./Core/Src/stm32wlxx_it.o
                0x0802035c                HSEM_IRQHandler
 *fill*         0x0802036a        0x2 
 .text.Reset_Handler
                0x0802036c       0x50 ./Core/Startup/startup_stm32wl55jcix.o
                0x0802036c                Reset_Handler
 .text.Default_Handler
                0x080203bc        0x2 ./Core/Startup/startup_stm32wl55jcix.o
                0x080203bc                I2C1_IRQHandler
                0x080203bc                LPTIM2_IRQHandler
                0x080203bc                LPTIM3_IRQHandler
                0x080203bc                AES_PKA_IRQHandler
                0x080203bc                SPI1_IRQHandler
                0x080203bc                ADC_COMP_DAC_IRQHandler
                0x080203bc                I2C2_IRQHandler
                0x080203bc                TIM17_IRQHandler
                0x080203bc                EXTI15_4_IRQHandler
                0x080203bc                RCC_FLASH_C1SEV_IRQHandler
                0x080203bc                SUBGHZSPI_IRQHandler
                0x080203bc                DMA1_Channel4_5_6_7_IRQHandler
                0x080203bc                SUBGHZ_Radio_IRQHandler
                0x080203bc                EXTI1_0_IRQHandler
                0x080203bc                TIM16_IRQHandler
                0x080203bc                Default_Handler
                0x080203bc                TIM1_IRQHandler
                0x080203bc                IPCC_C2_RX_C2_TX_IRQHandler
                0x080203bc                RTC_LSECSS_IRQHandler
                0x080203bc                I2C3_IRQHandler
                0x080203bc                PVD_PVM_IRQHandler
                0x080203bc                SPI2_IRQHandler
                0x080203bc                DMA2_DMAMUX1_OVR_IRQHandler
                0x080203bc                EXTI3_2_IRQHandler
                0x080203bc                RNG_IRQHandler
                0x080203bc                LPUART1_IRQHandler
                0x080203bc                TIM2_IRQHandler
                0x080203bc                TZIC_ILA_IRQHandler
                0x080203bc                USART2_IRQHandler
                0x080203bc                USART1_IRQHandler
                0x080203bc                DMA1_Channel1_2_3_IRQHandler
                0x080203bc                LPTIM1_IRQHandler
 *fill*         0x080203be        0x2 
 .text.HAL_Init
                0x080203c0       0x3c ./Drivers/STM32WLxx_HAL_Driver/stm32wlxx_hal.o
                0x080203c0                HAL_Init
 .text.HAL_InitTick
                0x080203fc       0x90 ./Drivers/STM32WLxx_HAL_Driver/stm32wlxx_hal.o
                0x080203fc                HAL_InitTick
 .text.HAL_IncTick
                0x0802048c       0x24 ./Drivers/STM32WLxx_HAL_Driver/stm32wlxx_hal.o
                0x0802048c                HAL_IncTick
 .text.HAL_GetTick
                0x080204b0       0x14 ./Drivers/STM32WLxx_HAL_Driver/stm32wlxx_hal.o
                0x080204b0                HAL_GetTick
 .text.HAL_Delay
                0x080204c4       0x48 ./Drivers/STM32WLxx_HAL_Driver/stm32wlxx_hal.o
                0x080204c4                HAL_Delay
 .text.__NVIC_EnableIRQ
                0x0802050c       0x34 ./Drivers/STM32WLxx_HAL_Driver/stm32wlxx_hal_cortex.o
 .text.__NVIC_DisableIRQ
                0x08020540       0x44 ./Drivers/STM32WLxx_HAL_Driver/stm32wlxx_hal_cortex.o
 .text.__NVIC_SetPriority
                0x08020584       0xdc ./Drivers/STM32WLxx_HAL_Driver/stm32wlxx_hal_cortex.o
 .text.SysTick_Config
                0x08020660       0x48 ./Drivers/STM32WLxx_HAL_Driver/stm32wlxx_hal_cortex.o
 .text.HAL_NVIC_SetPriority
                0x080206a8       0x2a ./Drivers/STM32WLxx_HAL_Driver/stm32wlxx_hal_cortex.o
                0x080206a8                HAL_NVIC_SetPriority
 .text.HAL_NVIC_EnableIRQ
                0x080206d2       0x20 ./Drivers/STM32WLxx_HAL_Driver/stm32wlxx_hal_cortex.o
                0x080206d2                HAL_NVIC_EnableIRQ
 .text.HAL_NVIC_DisableIRQ
                0x080206f2       0x20 ./Drivers/STM32WLxx_HAL_Driver/stm32wlxx_hal_cortex.o
                0x080206f2                HAL_NVIC_DisableIRQ
 .text.HAL_SYSTICK_Config
                0x08020712       0x1a ./Drivers/STM32WLxx_HAL_Driver/stm32wlxx_hal_cortex.o
                0x08020712                HAL_SYSTICK_Config
 .text.HAL_HSEM_Take
                0x0802072c       0x40 ./Drivers/STM32WLxx_HAL_Driver/stm32wlxx_hal_hsem.o
                0x0802072c                HAL_HSEM_Take
 .text.HAL_HSEM_Release
                0x0802076c       0x28 ./Drivers/STM32WLxx_HAL_Driver/stm32wlxx_hal_hsem.o
                0x0802076c                HAL_HSEM_Release
 .text.HAL_HSEM_ActivateNotification
                0x08020794       0x20 ./Drivers/STM32WLxx_HAL_Driver/stm32wlxx_hal_hsem.o
                0x08020794                HAL_HSEM_ActivateNotification
 .text.HAL_HSEM_IRQHandler
                0x080207b4       0x34 ./Drivers/STM32WLxx_HAL_Driver/stm32wlxx_hal_hsem.o
                0x080207b4                HAL_HSEM_IRQHandler
 .text.LL_RCC_HSE_IsEnabledDiv2
                0x080207e8       0x24 ./Drivers/STM32WLxx_HAL_Driver/stm32wlxx_hal_rcc.o
 .text.LL_RCC_MSI_IsEnabledRangeSelect
                0x0802080c       0x1e ./Drivers/STM32WLxx_HAL_Driver/stm32wlxx_hal_rcc.o
 .text.LL_RCC_MSI_GetRange
                0x0802082a       0x14 ./Drivers/STM32WLxx_HAL_Driver/stm32wlxx_hal_rcc.o
 .text.LL_RCC_MSI_GetRangeAfterStandby
                0x0802083e       0x18 ./Drivers/STM32WLxx_HAL_Driver/stm32wlxx_hal_rcc.o
 .text.LL_RCC_GetSysClkSource
                0x08020856       0x14 ./Drivers/STM32WLxx_HAL_Driver/stm32wlxx_hal_rcc.o
 .text.LL_C2_RCC_GetAHBPrescaler
                0x0802086a       0x18 ./Drivers/STM32WLxx_HAL_Driver/stm32wlxx_hal_rcc.o
 .text.LL_RCC_PLL_GetN
                0x08020882       0x16 ./Drivers/STM32WLxx_HAL_Driver/stm32wlxx_hal_rcc.o
 .text.LL_RCC_PLL_GetR
                0x08020898       0x14 ./Drivers/STM32WLxx_HAL_Driver/stm32wlxx_hal_rcc.o
 .text.LL_RCC_PLL_GetDivider
                0x080208ac       0x14 ./Drivers/STM32WLxx_HAL_Driver/stm32wlxx_hal_rcc.o
 .text.LL_RCC_PLL_GetMainSource
                0x080208c0       0x14 ./Drivers/STM32WLxx_HAL_Driver/stm32wlxx_hal_rcc.o
 .text.HAL_RCC_GetSysClockFreq
                0x080208d4      0x154 ./Drivers/STM32WLxx_HAL_Driver/stm32wlxx_hal_rcc.o
                0x080208d4                HAL_RCC_GetSysClockFreq
 .text.HAL_RCC_GetHCLK2Freq
                0x08020a28       0x30 ./Drivers/STM32WLxx_HAL_Driver/stm32wlxx_hal_rcc.o
                0x08020a28                HAL_RCC_GetHCLK2Freq
 .text.HAL_UART_Transmit
                0x08020a58      0x138 ./Drivers/STM32WLxx_HAL_Driver/stm32wlxx_hal_uart.o
                0x08020a58                HAL_UART_Transmit
 .text.UART_CheckIdleState
                0x08020b90       0x9c ./Drivers/STM32WLxx_HAL_Driver/stm32wlxx_hal_uart.o
                0x08020b90                UART_CheckIdleState
 .text.UART_WaitOnFlagUntilTimeout
                0x08020c2c      0x19c ./Drivers/STM32WLxx_HAL_Driver/stm32wlxx_hal_uart.o
                0x08020c2c                UART_WaitOnFlagUntilTimeout
 .text.__libc_init_array
                0x08020dc8       0x48 C:/ST/STM32CubeIDE_1.17.0/STM32CubeIDE/plugins/com.st.stm32cube.ide.mcu.externaltools.gnu-tools-for-stm32.12.3.rel1.win32_1.1.0.202410251130/tools/bin/../lib/gcc/arm-none-eabi/12.3.1/../../../../arm-none-eabi/lib/thumb/v6-m/nofp\libc_nano.a(libc_a-init.o)
                0x08020dc8                __libc_init_array
 *(.glue_7)
 .glue_7        0x08020e10        0x0 linker stubs
 *(.glue_7t)
 .glue_7t       0x08020e10        0x0 linker stubs
 *(.eh_frame)
 .eh_frame      0x08020e10        0x0 C:/ST/STM32CubeIDE_1.17.0/STM32CubeIDE/plugins/com.st.stm32cube.ide.mcu.externaltools.gnu-tools-for-stm32.12.3.rel1.win32_1.1.0.202410251130/tools/bin/../lib/gcc/arm-none-eabi/12.3.1/thumb/v6-m/nofp/crtbegin.o
 *(.init)
 .init          0x08020e10        0x4 C:/ST/STM32CubeIDE_1.17.0/STM32CubeIDE/plugins/com.st.stm32cube.ide.mcu.externaltools.gnu-tools-for-stm32.12.3.rel1.win32_1.1.0.202410251130/tools/bin/../lib/gcc/arm-none-eabi/12.3.1/thumb/v6-m/nofp/crti.o
                0x08020e10                _init
 .init          0x08020e14        0x8 C:/ST/STM32CubeIDE_1.17.0/STM32CubeIDE/plugins/com.st.stm32cube.ide.mcu.externaltools.gnu-tools-for-stm32.12.3.rel1.win32_1.1.0.202410251130/tools/bin/../lib/gcc/arm-none-eabi/12.3.1/thumb/v6-m/nofp/crtn.o
 *(.fini)
 .fini          0x08020e1c        0x4 C:/ST/STM32CubeIDE_1.17.0/STM32CubeIDE/plugins/com.st.stm32cube.ide.mcu.externaltools.gnu-tools-for-stm32.12.3.rel1.win32_1.1.0.202410251130/tools/bin/../lib/gcc/arm-none-eabi/12.3.1/thumb/v6-m/nofp/crti.o
                0x08020e1c                _fini
 .fini          0x08020e20        0x8 C:/ST/STM32CubeIDE_1.17.0/STM32CubeIDE/plugins/com.st.stm32cube.ide.mcu.externaltools.gnu-tools-for-stm32.12.3.rel1.win32_1.1.0.202410251130/tools/bin/../lib/gcc/arm-none-eabi/12.3.1/thumb/v6-m/nofp/crtn.o
                0x08020e28                        . = ALIGN (0x4)
                0x08020e28                        _etext = .

.vfp11_veneer   0x08020e28        0x0
 .vfp11_veneer  0x08020e28        0x0 linker stubs

.v4_bx          0x08020e28        0x0
 .v4_bx         0x08020e28        0x0 linker stubs

.iplt           0x08020e28        0x0
 .iplt          0x08020e28        0x0 C:/ST/STM32CubeIDE_1.17.0/STM32CubeIDE/plugins/com.st.stm32cube.ide.mcu.externaltools.gnu-tools-for-stm32.12.3.rel1.win32_1.1.0.202410251130/tools/bin/../lib/gcc/arm-none-eabi/12.3.1/thumb/v6-m/nofp/crtbegin.o

.rodata         0x08020e28       0x88
                0x08020e28                        . = ALIGN (0x4)
 *(.rodata)
 .rodata        0x08020e28        0x7 ./Core/Src/main.o
 *(.rodata*)
 *fill*         0x08020e2f        0x1 
 .rodata.AHBPrescTable
                0x08020e30       0x40 ./Common/System/system_stm32wlxx.o
                0x08020e30                AHBPrescTable
 .rodata.MSIRangeTable
                0x08020e70       0x40 ./Common/System/system_stm32wlxx.o
                0x08020e70                MSIRangeTable
                0x08020eb0                        . = ALIGN (0x4)

.ARM.extab      0x08020eb0        0x0
                0x08020eb0                        . = ALIGN (0x4)
 *(.ARM.extab* .gnu.linkonce.armextab.*)
                0x08020eb0                        . = ALIGN (0x4)

.ARM            0x08020eb0        0x0
                0x08020eb0                        . = ALIGN (0x4)
                0x08020eb0                        __exidx_start = .
 *(.ARM.exidx*)
                0x08020eb0                        __exidx_end = .
                0x08020eb0                        . = ALIGN (0x4)

.preinit_array  0x08020eb0        0x0
                0x08020eb0                        . = ALIGN (0x4)
                0x08020eb0                        PROVIDE (__preinit_array_start = .)
 *(.preinit_array*)
                0x08020eb0                        PROVIDE (__preinit_array_end = .)
                0x08020eb0                        . = ALIGN (0x4)

.init_array     0x08020eb0        0x4
                0x08020eb0                        . = ALIGN (0x4)
                0x08020eb0                        PROVIDE (__init_array_start = .)
 *(SORT_BY_NAME(.init_array.*))
 *(.init_array*)
 .init_array    0x08020eb0        0x4 C:/ST/STM32CubeIDE_1.17.0/STM32CubeIDE/plugins/com.st.stm32cube.ide.mcu.externaltools.gnu-tools-for-stm32.12.3.rel1.win32_1.1.0.202410251130/tools/bin/../lib/gcc/arm-none-eabi/12.3.1/thumb/v6-m/nofp/crtbegin.o
                0x08020eb4                        PROVIDE (__init_array_end = .)
                0x08020eb4                        . = ALIGN (0x4)

.fini_array     0x08020eb4        0x4
                0x08020eb4                        . = ALIGN (0x4)
                [!provide]                        PROVIDE (__fini_array_start = .)
 *(SORT_BY_NAME(.fini_array.*))
 *(.fini_array*)
 .fini_array    0x08020eb4        0x4 C:/ST/STM32CubeIDE_1.17.0/STM32CubeIDE/plugins/com.st.stm32cube.ide.mcu.externaltools.gnu-tools-for-stm32.12.3.rel1.win32_1.1.0.202410251130/tools/bin/../lib/gcc/arm-none-eabi/12.3.1/thumb/v6-m/nofp/crtbegin.o
                [!provide]                        PROVIDE (__fini_array_end = .)
                0x08020eb8                        . = ALIGN (0x4)
                0x08020eb8                        _sidata = LOADADDR (.data)

.rel.dyn        0x08020eb8        0x0
 .rel.iplt      0x08020eb8        0x0 C:/ST/STM32CubeIDE_1.17.0/STM32CubeIDE/plugins/com.st.stm32cube.ide.mcu.externaltools.gnu-tools-for-stm32.12.3.rel1.win32_1.1.0.202410251130/tools/bin/../lib/gcc/arm-none-eabi/12.3.1/thumb/v6-m/nofp/crtbegin.o

.data           0x20008000        0xc load address 0x08020eb8
                0x20008000                        . = ALIGN (0x4)
                0x20008000                        _sdata = .
 *(.data)
 *(.data*)
 .data.SystemCoreClock
                0x20008000        0x4 ./Common/System/system_stm32wlxx.o
                0x20008000                SystemCoreClock
 .data.uwTickPrio
                0x20008004        0x4 ./Drivers/STM32WLxx_HAL_Driver/stm32wlxx_hal.o
                0x20008004                uwTickPrio
 .data.uwTickFreq
                0x20008008        0x1 ./Drivers/STM32WLxx_HAL_Driver/stm32wlxx_hal.o
                0x20008008                uwTickFreq
 *(.RamFunc)
 *(.RamFunc*)
                0x2000800c                        . = ALIGN (0x4)
 *fill*         0x20008009        0x3 
                0x2000800c                        _edata = .

.igot.plt       0x2000800c        0x0 load address 0x08020ec4
 .igot.plt      0x2000800c        0x0 C:/ST/STM32CubeIDE_1.17.0/STM32CubeIDE/plugins/com.st.stm32cube.ide.mcu.externaltools.gnu-tools-for-stm32.12.3.rel1.win32_1.1.0.202410251130/tools/bin/../lib/gcc/arm-none-eabi/12.3.1/thumb/v6-m/nofp/crtbegin.o
                0x2000800c                        . = ALIGN (0x4)

.bss            0x2000800c       0xb8 load address 0x08020ec4
                0x2000800c                        _sbss = .
                0x2000800c                        __bss_start__ = _sbss
 *(.bss)
 .bss           0x2000800c       0x1c C:/ST/STM32CubeIDE_1.17.0/STM32CubeIDE/plugins/com.st.stm32cube.ide.mcu.externaltools.gnu-tools-for-stm32.12.3.rel1.win32_1.1.0.202410251130/tools/bin/../lib/gcc/arm-none-eabi/12.3.1/thumb/v6-m/nofp/crtbegin.o
 *(.bss*)
 .bss.huart2    0x20008028       0x94 ./Core/Src/main.o
                0x20008028                huart2
 .bss.semaphore_status
                0x200080bc        0x1 ./Core/Src/main.o
                0x200080bc                semaphore_status
 *fill*         0x200080bd        0x3 
 .bss.uwTick    0x200080c0        0x4 ./Drivers/STM32WLxx_HAL_Driver/stm32wlxx_hal.o
                0x200080c0                uwTick
 *(COMMON)
                0x200080c4                        . = ALIGN (0x4)
                0x200080c4                        _ebss = .
                0x200080c4                        __bss_end__ = _ebss

._user_heap_stack
                0x200080c4      0x604 load address 0x08020ec4
                0x200080c8                        . = ALIGN (0x8)
 *fill*         0x200080c4        0x4 
                [!provide]                        PROVIDE (end = .)
                0x200080c8                        PROVIDE (_end = .)
                0x200082c8                        . = (. + _Min_Heap_Size)
 *fill*         0x200080c8      0x200 
                0x200086c8                        . = (. + _Min_Stack_Size)
 *fill*         0x200082c8      0x400 
                0x200086c8                        . = ALIGN (0x8)

/DISCARD/
 libc.a(*)
 libm.a(*)
 libgcc.a(*)

.ARM.attributes
                0x00000000       0x28
 *(.ARM.attributes)
 .ARM.attributes
                0x00000000       0x1e C:/ST/STM32CubeIDE_1.17.0/STM32CubeIDE/plugins/com.st.stm32cube.ide.mcu.externaltools.gnu-tools-for-stm32.12.3.rel1.win32_1.1.0.202410251130/tools/bin/../lib/gcc/arm-none-eabi/12.3.1/thumb/v6-m/nofp/crti.o
 .ARM.attributes
                0x0000001e       0x2c C:/ST/STM32CubeIDE_1.17.0/STM32CubeIDE/plugins/com.st.stm32cube.ide.mcu.externaltools.gnu-tools-for-stm32.12.3.rel1.win32_1.1.0.202410251130/tools/bin/../lib/gcc/arm-none-eabi/12.3.1/thumb/v6-m/nofp/crtbegin.o
 .ARM.attributes
                0x0000004a       0x2c ./Common/System/system_stm32wlxx.o
 .ARM.attributes
                0x00000076       0x2c ./Core/Src/main.o
 .ARM.attributes
                0x000000a2       0x2c ./Core/Src/stm32wlxx_hal_msp.o
 .ARM.attributes
                0x000000ce       0x2c ./Core/Src/stm32wlxx_it.o
 .ARM.attributes
                0x000000fa       0x22 ./Core/Startup/startup_stm32wl55jcix.o
 .ARM.attributes
                0x0000011c       0x2c ./Drivers/STM32WLxx_HAL_Driver/stm32wlxx_hal.o
 .ARM.attributes
                0x00000148       0x2c ./Drivers/STM32WLxx_HAL_Driver/stm32wlxx_hal_cortex.o
 .ARM.attributes
                0x00000174       0x2c ./Drivers/STM32WLxx_HAL_Driver/stm32wlxx_hal_hsem.o
 .ARM.attributes
                0x000001a0       0x2c ./Drivers/STM32WLxx_HAL_Driver/stm32wlxx_hal_rcc.o
 .ARM.attributes
                0x000001cc       0x2c ./Drivers/STM32WLxx_HAL_Driver/stm32wlxx_hal_uart.o
 .ARM.attributes
                0x000001f8       0x2c C:/ST/STM32CubeIDE_1.17.0/STM32CubeIDE/plugins/com.st.stm32cube.ide.mcu.externaltools.gnu-tools-for-stm32.12.3.rel1.win32_1.1.0.202410251130/tools/bin/../lib/gcc/arm-none-eabi/12.3.1/../../../../arm-none-eabi/lib/thumb/v6-m/nofp\libc_nano.a(libc_a-init.o)
 .ARM.attributes
                0x00000224       0x1e C:/ST/STM32CubeIDE_1.17.0/STM32CubeIDE/plugins/com.st.stm32cube.ide.mcu.externaltools.gnu-tools-for-stm32.12.3.rel1.win32_1.1.0.202410251130/tools/bin/../lib/gcc/arm-none-eabi/12.3.1/thumb/v6-m/nofp\libgcc.a(_udivsi3.o)
 .ARM.attributes
                0x00000242       0x1e C:/ST/STM32CubeIDE_1.17.0/STM32CubeIDE/plugins/com.st.stm32cube.ide.mcu.externaltools.gnu-tools-for-stm32.12.3.rel1.win32_1.1.0.202410251130/tools/bin/../lib/gcc/arm-none-eabi/12.3.1/thumb/v6-m/nofp\libgcc.a(_dvmd_tls.o)
 .ARM.attributes
                0x00000260       0x1e C:/ST/STM32CubeIDE_1.17.0/STM32CubeIDE/plugins/com.st.stm32cube.ide.mcu.externaltools.gnu-tools-for-stm32.12.3.rel1.win32_1.1.0.202410251130/tools/bin/../lib/gcc/arm-none-eabi/12.3.1/thumb/v6-m/nofp/crtn.o
OUTPUT(hsem_dualcore_CM0PLUS.elf elf32-littlearm)
LOAD linker stubs
LOAD C:/ST/STM32CubeIDE_1.17.0/STM32CubeIDE/plugins/com.st.stm32cube.ide.mcu.externaltools.gnu-tools-for-stm32.12.3.rel1.win32_1.1.0.202410251130/tools/bin/../lib/gcc/arm-none-eabi/12.3.1/../../../../arm-none-eabi/lib/thumb/v6-m/nofp\libc.a
LOAD C:/ST/STM32CubeIDE_1.17.0/STM32CubeIDE/plugins/com.st.stm32cube.ide.mcu.externaltools.gnu-tools-for-stm32.12.3.rel1.win32_1.1.0.202410251130/tools/bin/../lib/gcc/arm-none-eabi/12.3.1/../../../../arm-none-eabi/lib/thumb/v6-m/nofp\libm.a
LOAD C:/ST/STM32CubeIDE_1.17.0/STM32CubeIDE/plugins/com.st.stm32cube.ide.mcu.externaltools.gnu-tools-for-stm32.12.3.rel1.win32_1.1.0.202410251130/tools/bin/../lib/gcc/arm-none-eabi/12.3.1/thumb/v6-m/nofp\libgcc.a

.debug_info     0x00000000     0x9ace
 .debug_info    0x00000000      0x515 ./Common/System/system_stm32wlxx.o
 .debug_info    0x00000515      0xa96 ./Core/Src/main.o
 .debug_info    0x00000fab      0xe41 ./Core/Src/stm32wlxx_hal_msp.o
 .debug_info    0x00001dec      0x12d ./Core/Src/stm32wlxx_it.o
 .debug_info    0x00001f19       0x30 ./Core/Startup/startup_stm32wl55jcix.o
 .debug_info    0x00001f49      0xeca ./Drivers/STM32WLxx_HAL_Driver/stm32wlxx_hal.o
 .debug_info    0x00002e13      0x8db ./Drivers/STM32WLxx_HAL_Driver/stm32wlxx_hal_cortex.o
 .debug_info    0x000036ee      0x429 ./Drivers/STM32WLxx_HAL_Driver/stm32wlxx_hal_hsem.o
 .debug_info    0x00003b17     0x13f1 ./Drivers/STM32WLxx_HAL_Driver/stm32wlxx_hal_rcc.o
 .debug_info    0x00004f08     0x4bc6 ./Drivers/STM32WLxx_HAL_Driver/stm32wlxx_hal_uart.o

.debug_abbrev   0x00000000     0x1495
 .debug_abbrev  0x00000000      0x13e ./Common/System/system_stm32wlxx.o
 .debug_abbrev  0x0000013e      0x230 ./Core/Src/main.o
 .debug_abbrev  0x0000036e      0x22a ./Core/Src/stm32wlxx_hal_msp.o
 .debug_abbrev  0x00000598       0xc1 ./Core/Src/stm32wlxx_it.o
 .debug_abbrev  0x00000659       0x24 ./Core/Startup/startup_stm32wl55jcix.o
 .debug_abbrev  0x0000067d      0x309 ./Drivers/STM32WLxx_HAL_Driver/stm32wlxx_hal.o
 .debug_abbrev  0x00000986      0x297 ./Drivers/STM32WLxx_HAL_Driver/stm32wlxx_hal_cortex.o
 .debug_abbrev  0x00000c1d      0x1fd ./Drivers/STM32WLxx_HAL_Driver/stm32wlxx_hal_hsem.o
 .debug_abbrev  0x00000e1a      0x32d ./Drivers/STM32WLxx_HAL_Driver/stm32wlxx_hal_rcc.o
 .debug_abbrev  0x00001147      0x34e ./Drivers/STM32WLxx_HAL_Driver/stm32wlxx_hal_uart.o

.debug_aranges  0x00000000      0x8b8
 .debug_aranges
                0x00000000       0x28 ./Common/System/system_stm32wlxx.o
 .debug_aranges
                0x00000028       0x38 ./Core/Src/main.o
 .debug_aranges
                0x00000060       0x48 ./Core/Src/stm32wlxx_hal_msp.o
 .debug_aranges
                0x000000a8       0x48 ./Core/Src/stm32wlxx_it.o
 .debug_aranges
                0x000000f0       0x28 ./Core/Startup/startup_stm32wl55jcix.o
 .debug_aranges
                0x00000118      0x1c0 ./Drivers/STM32WLxx_HAL_Driver/stm32wlxx_hal.o
 .debug_aranges
                0x000002d8       0xe8 ./Drivers/STM32WLxx_HAL_Driver/stm32wlxx_hal_cortex.o
 .debug_aranges
                0x000003c0       0x70 ./Drivers/STM32WLxx_HAL_Driver/stm32wlxx_hal_hsem.o
 .debug_aranges
                0x00000430      0x230 ./Drivers/STM32WLxx_HAL_Driver/stm32wlxx_hal_rcc.o
 .debug_aranges
                0x00000660      0x258 ./Drivers/STM32WLxx_HAL_Driver/stm32wlxx_hal_uart.o

.debug_rnglists
                0x00000000      0x6af
 .debug_rnglists
                0x00000000       0x1a ./Common/System/system_stm32wlxx.o
 .debug_rnglists
                0x0000001a       0x26 ./Core/Src/main.o
 .debug_rnglists
                0x00000040       0x31 ./Core/Src/stm32wlxx_hal_msp.o
 .debug_rnglists
                0x00000071       0x31 ./Core/Src/stm32wlxx_it.o
 .debug_rnglists
                0x000000a2       0x19 ./Core/Startup/startup_stm32wl55jcix.o
 .debug_rnglists
                0x000000bb      0x14d ./Drivers/STM32WLxx_HAL_Driver/stm32wlxx_hal.o
 .debug_rnglists
                0x00000208       0xaa ./Drivers/STM32WLxx_HAL_Driver/stm32wlxx_hal_cortex.o
 .debug_rnglists
                0x000002b2       0x4f ./Drivers/STM32WLxx_HAL_Driver/stm32wlxx_hal_hsem.o
 .debug_rnglists
                0x00000301      0x1a7 ./Drivers/STM32WLxx_HAL_Driver/stm32wlxx_hal_rcc.o
 .debug_rnglists
                0x000004a8      0x207 ./Drivers/STM32WLxx_HAL_Driver/stm32wlxx_hal_uart.o

.debug_macro    0x00000000    0x19bc6
 .debug_macro   0x00000000      0x207 ./Common/System/system_stm32wlxx.o
 .debug_macro   0x00000207      0xa90 ./Common/System/system_stm32wlxx.o
 .debug_macro   0x00000c97       0x2e ./Common/System/system_stm32wlxx.o
 .debug_macro   0x00000cc5       0x3a ./Common/System/system_stm32wlxx.o
 .debug_macro   0x00000cff       0x22 ./Common/System/system_stm32wlxx.o
 .debug_macro   0x00000d21       0x8e ./Common/System/system_stm32wlxx.o
 .debug_macro   0x00000daf       0x51 ./Common/System/system_stm32wlxx.o
 .debug_macro   0x00000e00      0x103 ./Common/System/system_stm32wlxx.o
 .debug_macro   0x00000f03       0x6a ./Common/System/system_stm32wlxx.o
 .debug_macro   0x00000f6d      0x1df ./Common/System/system_stm32wlxx.o
 .debug_macro   0x0000114c       0x1c ./Common/System/system_stm32wlxx.o
 .debug_macro   0x00001168       0x22 ./Common/System/system_stm32wlxx.o
 .debug_macro   0x0000118a       0xd1 ./Common/System/system_stm32wlxx.o
 .debug_macro   0x0000125b      0x4da ./Common/System/system_stm32wlxx.o
 .debug_macro   0x00001735      0x11f ./Common/System/system_stm32wlxx.o
 .debug_macro   0x00001854     0xf09d ./Common/System/system_stm32wlxx.o
 .debug_macro   0x000108f1       0x66 ./Common/System/system_stm32wlxx.o
 .debug_macro   0x00010957      0x124 ./Common/System/system_stm32wlxx.o
 .debug_macro   0x00010a7b     0x341d ./Common/System/system_stm32wlxx.o
 .debug_macro   0x00013e98      0x189 ./Common/System/system_stm32wlxx.o
 .debug_macro   0x00014021       0x5c ./Common/System/system_stm32wlxx.o
 .debug_macro   0x0001407d      0x416 ./Common/System/system_stm32wlxx.o
 .debug_macro   0x00014493      0x2b8 ./Common/System/system_stm32wlxx.o
 .debug_macro   0x0001474b      0x384 ./Common/System/system_stm32wlxx.o
 .debug_macro   0x00014acf      0x196 ./Common/System/system_stm32wlxx.o
 .debug_macro   0x00014c65       0x4a ./Common/System/system_stm32wlxx.o
 .debug_macro   0x00014caf      0x1f5 ./Common/System/system_stm32wlxx.o
 .debug_macro   0x00014ea4      0x229 ./Common/System/system_stm32wlxx.o
 .debug_macro   0x000150cd      0x3e5 ./Common/System/system_stm32wlxx.o
 .debug_macro   0x000154b2       0x2e ./Common/System/system_stm32wlxx.o
 .debug_macro   0x000154e0      0x107 ./Common/System/system_stm32wlxx.o
 .debug_macro   0x000155e7      0x1ba ./Common/System/system_stm32wlxx.o
 .debug_macro   0x000157a1       0xe6 ./Common/System/system_stm32wlxx.o
 .debug_macro   0x00015887       0x4a ./Common/System/system_stm32wlxx.o
 .debug_macro   0x000158d1      0x283 ./Common/System/system_stm32wlxx.o
 .debug_macro   0x00015b54      0x133 ./Common/System/system_stm32wlxx.o
 .debug_macro   0x00015c87      0x36f ./Common/System/system_stm32wlxx.o
 .debug_macro   0x00015ff6      0x683 ./Common/System/system_stm32wlxx.o
 .debug_macro   0x00016679      0x20e ./Common/System/system_stm32wlxx.o
 .debug_macro   0x00016887      0xfb4 ./Common/System/system_stm32wlxx.o
 .debug_macro   0x0001783b      0x136 ./Common/System/system_stm32wlxx.o
 .debug_macro   0x00017971      0x2db ./Common/System/system_stm32wlxx.o
 .debug_macro   0x00017c4c      0x693 ./Common/System/system_stm32wlxx.o
 .debug_macro   0x000182df       0xa6 ./Common/System/system_stm32wlxx.o
 .debug_macro   0x00018385      0x3a4 ./Common/System/system_stm32wlxx.o
 .debug_macro   0x00018729      0x32d ./Common/System/system_stm32wlxx.o
 .debug_macro   0x00018a56      0x222 ./Core/Src/main.o
 .debug_macro   0x00018c78       0x34 ./Core/Src/main.o
 .debug_macro   0x00018cac      0x216 ./Core/Src/stm32wlxx_hal_msp.o
 .debug_macro   0x00018ec2      0x220 ./Core/Src/stm32wlxx_it.o
 .debug_macro   0x000190e2      0x22b ./Drivers/STM32WLxx_HAL_Driver/stm32wlxx_hal.o
 .debug_macro   0x0001930d      0x207 ./Drivers/STM32WLxx_HAL_Driver/stm32wlxx_hal_cortex.o
 .debug_macro   0x00019514      0x219 ./Drivers/STM32WLxx_HAL_Driver/stm32wlxx_hal_hsem.o
 .debug_macro   0x0001972d      0x267 ./Drivers/STM32WLxx_HAL_Driver/stm32wlxx_hal_rcc.o
 .debug_macro   0x00019994      0x232 ./Drivers/STM32WLxx_HAL_Driver/stm32wlxx_hal_uart.o

.debug_line     0x00000000     0x94f6
 .debug_line    0x00000000      0x8a8 ./Common/System/system_stm32wlxx.o
 .debug_line    0x000008a8      0x893 ./Core/Src/main.o
 .debug_line    0x0000113b      0x883 ./Core/Src/stm32wlxx_hal_msp.o
 .debug_line    0x000019be      0x855 ./Core/Src/stm32wlxx_it.o
 .debug_line    0x00002213       0x7b ./Core/Startup/startup_stm32wl55jcix.o
 .debug_line    0x0000228e      0xdfe ./Drivers/STM32WLxx_HAL_Driver/stm32wlxx_hal.o
 .debug_line    0x0000308c      0xc60 ./Drivers/STM32WLxx_HAL_Driver/stm32wlxx_hal_cortex.o
 .debug_line    0x00003cec      0x97f ./Drivers/STM32WLxx_HAL_Driver/stm32wlxx_hal_hsem.o
 .debug_line    0x0000466b     0x17bb ./Drivers/STM32WLxx_HAL_Driver/stm32wlxx_hal_rcc.o
 .debug_line    0x00005e26     0x36d0 ./Drivers/STM32WLxx_HAL_Driver/stm32wlxx_hal_uart.o

.debug_str      0x00000000    0xa5400
 .debug_str     0x00000000    0xa22bf ./Common/System/system_stm32wlxx.o
                              0xa2880 (size before relaxing)
 .debug_str     0x000a22bf      0x9a4 ./Core/Src/main.o
                              0xa2fb0 (size before relaxing)
 .debug_str     0x000a2c63      0x22c ./Core/Src/stm32wlxx_hal_msp.o
                              0xa3275 (size before relaxing)
 .debug_str     0x000a2e8f       0x96 ./Core/Src/stm32wlxx_it.o
                              0xa270a (size before relaxing)
 .debug_str     0x000a2f25       0x44 ./Core/Startup/startup_stm32wl55jcix.o
                                 0x8f (size before relaxing)
 .debug_str     0x000a2f69      0x7dd ./Drivers/STM32WLxx_HAL_Driver/stm32wlxx_hal.o
                              0xa3259 (size before relaxing)
 .debug_str     0x000a3746      0x2c5 ./Drivers/STM32WLxx_HAL_Driver/stm32wlxx_hal_cortex.o
                              0xa2bf2 (size before relaxing)
 .debug_str     0x000a3a0b      0x1e8 ./Drivers/STM32WLxx_HAL_Driver/stm32wlxx_hal_hsem.o
                              0xa282b (size before relaxing)
 .debug_str     0x000a3bf3      0xd7b ./Drivers/STM32WLxx_HAL_Driver/stm32wlxx_hal_rcc.o
                              0xa3647 (size before relaxing)
 .debug_str     0x000a496e      0xa92 ./Drivers/STM32WLxx_HAL_Driver/stm32wlxx_hal_uart.o
                              0xa38c8 (size before relaxing)

.comment        0x00000000       0x43
 .comment       0x00000000       0x43 ./Common/System/system_stm32wlxx.o
                                 0x44 (size before relaxing)
 .comment       0x00000043       0x44 ./Core/Src/main.o
 .comment       0x00000043       0x44 ./Core/Src/stm32wlxx_hal_msp.o
 .comment       0x00000043       0x44 ./Core/Src/stm32wlxx_it.o
 .comment       0x00000043       0x44 ./Drivers/STM32WLxx_HAL_Driver/stm32wlxx_hal.o
 .comment       0x00000043       0x44 ./Drivers/STM32WLxx_HAL_Driver/stm32wlxx_hal_cortex.o
 .comment       0x00000043       0x44 ./Drivers/STM32WLxx_HAL_Driver/stm32wlxx_hal_hsem.o
 .comment       0x00000043       0x44 ./Drivers/STM32WLxx_HAL_Driver/stm32wlxx_hal_rcc.o
 .comment       0x00000043       0x44 ./Drivers/STM32WLxx_HAL_Driver/stm32wlxx_hal_uart.o

.debug_frame    0x00000000     0x1e84
 .debug_frame   0x00000000       0x4c ./Common/System/system_stm32wlxx.o
 .debug_frame   0x0000004c       0x84 ./Core/Src/main.o
 .debug_frame   0x000000d0       0xcc ./Core/Src/stm32wlxx_hal_msp.o
 .debug_frame   0x0000019c       0xb8 ./Core/Src/stm32wlxx_it.o
 .debug_frame   0x00000254      0x658 ./Drivers/STM32WLxx_HAL_Driver/stm32wlxx_hal.o
 .debug_frame   0x000008ac      0x33c ./Drivers/STM32WLxx_HAL_Driver/stm32wlxx_hal_cortex.o
 .debug_frame   0x00000be8      0x16c ./Drivers/STM32WLxx_HAL_Driver/stm32wlxx_hal_hsem.o
 .debug_frame   0x00000d54      0x7cc ./Drivers/STM32WLxx_HAL_Driver/stm32wlxx_hal_rcc.o
 .debug_frame   0x00001520      0x918 ./Drivers/STM32WLxx_HAL_Driver/stm32wlxx_hal_uart.o
 .debug_frame   0x00001e38       0x2c C:/ST/STM32CubeIDE_1.17.0/STM32CubeIDE/plugins/com.st.stm32cube.ide.mcu.externaltools.gnu-tools-for-stm32.12.3.rel1.win32_1.1.0.202410251130/tools/bin/../lib/gcc/arm-none-eabi/12.3.1/../../../../arm-none-eabi/lib/thumb/v6-m/nofp\libc_nano.a(libc_a-init.o)
 .debug_frame   0x00001e64       0x20 C:/ST/STM32CubeIDE_1.17.0/STM32CubeIDE/plugins/com.st.stm32cube.ide.mcu.externaltools.gnu-tools-for-stm32.12.3.rel1.win32_1.1.0.202410251130/tools/bin/../lib/gcc/arm-none-eabi/12.3.1/thumb/v6-m/nofp\libgcc.a(_udivsi3.o)

.debug_line_str
                0x00000000       0x73
 .debug_line_str
                0x00000000       0x73 ./Core/Startup/startup_stm32wl55jcix.o
